ramjet: blocklist loaded (29 entries)
node:events:502
      throw er; // Unhandled 'error' event
      ^

Error: listen EADDRINUSE: address already in use 0.0.0.0:4204
    at Server.setupListenHandle [as _listen2] (node:net:1902:16)
    at listenInCluster (node:net:1959:12)
    at doListen (node:net:2133:7)
    at process.processTicksAndRejections (node:internal/process/task_queues:83:21)
Emitted 'error' event on Server instance at:
    at emitErrorNT (node:net:1938:8)
    at process.processTicksAndRejections (node:internal/process/task_queues:82:21) {
  code: 'EADDRINUSE',
  errno: -98,
  syscall: 'listen',
  address: '0.0.0.0',
  port: 4204
}

Node.js v20.19.2
ramjet: blocklist loaded (29 entries)
ramjet: listening on http://goattechserver:14214 (bind 127.0.0.1:14214, gate armed)
ramjet: shutting down
ramjet: blocklist loaded (29 entries)
ramjet: listening on http://goattechserver:14214 (bind 127.0.0.1:14214, gate armed)
ramjet: shutting down
ramjet: blocklist loaded (29 entries)
ramjet: listening on http://goattechserver:14214 (bind 127.0.0.1:14214, gate armed)
ramjet: shutting down
file:///home/luke/goattech/ramjet-staging/server/index.js:81
const searchpage = require("./searchpage");
                   ^

ReferenceError: require is not defined in ES module scope, you can use import instead
This file is being treated as an ES module because it has a '.js' file extension and '/home/luke/goattech/ramjet-staging/package.json' contains "type": "module". To treat it as a CommonJS script, rename it to use the '.cjs' file extension.
    at file:///home/luke/goattech/ramjet-staging/server/index.js:81:20
    at ModuleJob.run (node:internal/modules/esm/module_job:263:25)
    at async ModuleLoader.import (node:internal/modules/esm/loader:540:24)
    at async asyncRunEntryPointWithESMLoader (node:internal/modules/run_main:117:5)

Node.js v20.19.2
ramjet: blocklist loaded (29 entries)
ramjet: listening on http://goattechserver:14214 (bind 127.0.0.1:14214, gate armed)
ramjet: shutting down
file:///home/luke/goattech/ramjet-staging/server/index.js:81
import { handle as searchHandle, thumb as searchThumb } from "./searchpage.js";
                                 ^^^^^
SyntaxError: The requested module './searchpage.js' does not provide an export named 'thumb'
    at ModuleJob._instantiate (node:internal/modules/esm/module_job:175:21)
    at async ModuleJob.run (node:internal/modules/esm/module_job:258:5)
    at async ModuleLoader.import (node:internal/modules/esm/loader:540:24)
    at async asyncRunEntryPointWithESMLoader (node:internal/modules/run_main:117:5)

Node.js v20.19.2
ramjet: blocklist loaded (29 entries)
ramjet: listening on http://goattechserver:14214 (bind 127.0.0.1:14214, gate armed)
ramjet: shutting down
ramjet: blocklist loaded (29 entries)
ramjet: listening on http://goattechserver:14214 (bind 127.0.0.1:14214, gate armed)
ramjet: shutting down
ramjet: blocklist loaded (29 entries)
ramjet: listening on http://goattechserver:14214 (bind 127.0.0.1:14214, gate armed)
file:///home/luke/goattech/ramjet-staging/server/searchpage.js:189
	const meta = err ? "" : `<div class="meta">${results.length} results &middot; ${ms ? ms + "ms" : "cached"} &middot; ramjet search</div>`;
	      ^

SyntaxError: Identifier 'meta' has already been declared
    at compileSourceTextModule (node:internal/modules/esm/utils:340:16)
    at ModuleLoader.moduleStrategy (node:internal/modules/esm/translators:146:18)
    at #translate (node:internal/modules/esm/loader:431:12)
    at ModuleLoader.loadAndTranslate (node:internal/modules/esm/loader:478:27)

Node.js v20.19.2
ramjet: shutting down
ramjet: blocklist loaded (29 entries)
ramjet: listening on http://goattechserver:14214 (bind 127.0.0.1:14214, gate armed)
ramjet: shutting down
ramjet: blocklist loaded (29 entries)
ramjet: listening on http://goattechserver:14214 (bind 127.0.0.1:14214, gate armed)
ramjet: shutting down
ramjet: blocklist loaded (29 entries)
ramjet: listening on http://goattechserver:14214 (bind 127.0.0.1:14214, gate armed)
